// Jest Snapshot v1, https://goo.gl/fbAQLP

exports[`CdsTree snapshot 1`] = `
<div>
  <CdsTree>
    <cds-tree(CustomElement)
      __forwardedRef={null}
    >
      <cds-tree
        __forwardedRef={null}
      >
        <CdsTreeItem
          expanded={true}
        >
          <cds-tree-item(CustomElement)
            __forwardedRef={null}
            expanded={true}
          >
            <cds-tree-item
              __forwardedRef={null}
            >
              1
              <CdsTreeItem>
                <cds-tree-item(CustomElement)
                  __forwardedRef={null}
                >
                  <cds-tree-item
                    __forwardedRef={null}
                  >
                    1-1
                    <CdsTreeItem>
                      <cds-tree-item(CustomElement)
                        __forwardedRef={null}
                      >
                        <cds-tree-item
                          __forwardedRef={null}
                        >
                          1-1-1
                        </cds-tree-item>
                      </cds-tree-item(CustomElement)>
                    </CdsTreeItem>
                    <CdsTreeItem>
                      <cds-tree-item(CustomElement)
                        __forwardedRef={null}
                      >
                        <cds-tree-item
                          __forwardedRef={null}
                        >
                          1-1-2
                        </cds-tree-item>
                      </cds-tree-item(CustomElement)>
                    </CdsTreeItem>
                  </cds-tree-item>
                </cds-tree-item(CustomElement)>
              </CdsTreeItem>
              <CdsTreeItem>
                <cds-tree-item(CustomElement)
                  __forwardedRef={null}
                >
                  <cds-tree-item
                    __forwardedRef={null}
                  >
                    1-2
                  </cds-tree-item>
                </cds-tree-item(CustomElement)>
              </CdsTreeItem>
              <CdsTreeItem>
                <cds-tree-item(CustomElement)
                  __forwardedRef={null}
                >
                  <cds-tree-item
                    __forwardedRef={null}
                  >
                    1-3
                  </cds-tree-item>
                </cds-tree-item(CustomElement)>
              </CdsTreeItem>
            </cds-tree-item>
          </cds-tree-item(CustomElement)>
        </CdsTreeItem>
        <CdsTreeItem>
          <cds-tree-item(CustomElement)
            __forwardedRef={null}
          >
            <cds-tree-item
              __forwardedRef={null}
            >
              2
              <CdsTreeItem>
                <cds-tree-item(CustomElement)
                  __forwardedRef={null}
                >
                  <cds-tree-item
                    __forwardedRef={null}
                  >
                    2-1
                  </cds-tree-item>
                </cds-tree-item(CustomElement)>
              </CdsTreeItem>
              <CdsTreeItem>
                <cds-tree-item(CustomElement)
                  __forwardedRef={null}
                >
                  <cds-tree-item
                    __forwardedRef={null}
                  >
                    2-2
                  </cds-tree-item>
                </cds-tree-item(CustomElement)>
              </CdsTreeItem>
            </cds-tree-item>
          </cds-tree-item(CustomElement)>
        </CdsTreeItem>
        <CdsTreeItem>
          <cds-tree-item(CustomElement)
            __forwardedRef={null}
          >
            <cds-tree-item
              __forwardedRef={null}
            >
              3
            </cds-tree-item>
          </cds-tree-item(CustomElement)>
        </CdsTreeItem>
      </cds-tree>
    </cds-tree(CustomElement)>
  </CdsTree>
</div>
`;
